bun test v1.3.13 (bf2e2cec)

::group::src/manifestNavigatorPreviewModel.public.test.ts:
(pass) manifest navigator preview model public exports > types and helpers are usable from the public module [1.00ms]

::endgroup::

::group::src/studioSelectionModel.test.ts:
(pass) studioSelectionModel > creates disabled preview selection props
(pass) studioSelectionModel > creates editable selection props
(pass) studioSelectionModel > creates editable empty selection props

::endgroup::

::group::src/manifestState.test.ts:
(pass) manifestState > resolves root and selected node state [1.00ms]
(pass) manifestState > creates fingerprints from tracked manifest fields
(pass) manifestState > updates, inserts, deletes, and moves nodes [1.00ms]
(pass) manifestState > adds and deletes screens [2.00ms]
(pass) manifestState > updates navigator, theme, module config, and OAuth providers

::endgroup::

::group::src/manifestSync.test.ts:
(pass) manifestSync > creates full Studio manifest signatures for draft persistence
(pass) manifestSync > creates runtime signatures from runtime-relevant manifest fields
(pass) manifestSync > normalizes plugin order in runtime signatures

::endgroup::

::group::src/localizationPanelModel.test.ts:
(pass) localizationPanelModel > collects translatable fields
(pass) localizationPanelModel > creates localization keys from text
(pass) localizationPanelModel > filters missing translatable fields [1.00ms]
(pass) localizationPanelModel > creates add and remove locale configs

::endgroup::

::group::src/localizationConfig.public.test.ts:
(pass) localization config public exports > types and helpers are usable from the public module

::endgroup::

::group::src/canvasDragModel.test.ts:
(pass) canvasDragModel > creates and detects Studio canvas drag payloads
(pass) canvasDragModel > detects valid canvas drop zones
(pass) canvasDragModel > resolves drop zone slots by placement kind

::endgroup::

::group::src/runtimeLocalization.public.test.ts:
(pass) runtime localization public exports > types and helpers are usable from the public module [1.00ms]

::endgroup::

::group::src/manifestNavigatorPreviewModel.test.ts:
(pass) manifest navigator preview model > filters auth and hidden routes and builds route map
(pass) manifest navigator preview model > resolves leaf screen ids through nested navigators [1.00ms]
(pass) manifest navigator preview model > reports unknown icon providers

::endgroup::

::group::src/manifestState.public.test.ts:
(pass) manifestState public surface > exports template and id helpers
(pass) manifestState public surface > exports route tree helpers [1.00ms]
(pass) manifestState public surface > exports manifest and node helpers

::endgroup::

::group::src/manifestState.routes.test.ts:
(pass) manifestState route exports > uses the routed screen and node lookup helpers

::endgroup::

::group::src/insertModalModel.test.ts:
(pass) insertModalModel > filters entries by label, type, and description [1.00ms]
(pass) insertModalModel > groups entries with caller-owned category labels
(pass) insertModalModel > resolves labels from aliases, metadata, and fallback type
(pass) insertModalModel > formats placement hints for enabled entries

::endgroup::

::group::src/runtimeLocalization.test.ts:
(pass) runtimeLocalization > exposes localized prop pairs
(pass) runtimeLocalization > resolves translated prop values
(pass) runtimeLocalization > falls back to the key when no target prop exists
(pass) runtimeLocalization > does not overwrite an existing target prop with fallback key
(pass) runtimeLocalization > creates a node props resolver
(pass) runtimeLocalization > reads setLanguage locales defensively
(pass) runtimeLocalization > creates setLanguage action handlers

::endgroup::

::group::src/runtimeDiagnosticsModel.test.ts:
(pass) runtimeDiagnosticsModel > formats diagnostics
(pass) runtimeDiagnosticsModel > resolves notice color from severity
(pass) runtimeDiagnosticsModel > compares diagnostics by stable fields

::endgroup::

::group::src/localizationConfig.test.ts:
(pass) localizationConfig > detects string arrays
(pass) localizationConfig > detects string records
(pass) localizationConfig > reads optional locale config defensively

::endgroup::

::group::src/root.test.ts:
============================================================
Bun v1.3.13 (bf2e2cec) Linux x64
Linux Kernel v6.17.0 | glibc v2.39
CPU: sse42 popcnt avx avx2
Args: "bun" "test"
Features: jsc tsconfig(6) 
Builtins: "bun:test" 
Elapsed: 61ms | User: 64ms | Sys: 19ms
RSS: 67.90MB | Peak: 64.86MB | Commit: 67.90MB | Faults: 0 | Machine: 16.77GB

panic(main thread): Segmentation fault at address 0x10
oh no: Bun has crashed. This indicates a bug in Bun, not your code.

To send a redacted crash report to Bun's team,
please file a GitHub issue using the link below:

 https://bun.report/1.3.13/lt1bf2e2cegCggggC42yp8E+ypR_23gplE23gplE23gplE_23gplEmsohlEw40jwFuzz0pE0yi3pE+g064F__msohlEi3h64Fyk054Fkqz29F8xp7mEA2AgB

